// Jest Snapshot v1, https://goo.gl/fbAQLP

exports[`LinkValue.vue Test Should not render correct tooltip if passed and showTooltipOnHover is false 1`] = `<a title="" data-toggle=""><span></span> <span></span> <span></span></a>`;

exports[`LinkValue.vue Test Should render correct tooltip if passed and showTooltipOnHover is true 1`] = `<a title="Some tooltip" data-toggle="tooltip"><span></span> <span></span> <span></span></a>`;

exports[`LinkValue.vue Test Should render corrrect href 1`] = `<a href="route" title="" data-toggle=""><span></span> <span></span> <span></span></a>`;

exports[`LinkValue.vue Test Should render corrrect value and empty suffix and preffix 1`] = `<a title="" data-toggle=""><span></span> <span>test value</span> <span></span></a>`;

exports[`LinkValue.vue Test Should render corrrect value and prefix if passed and no suffix 1`] = `<a title="" data-toggle=""><span>prefix</span> <span>test value</span> <span></span></a>`;

exports[`LinkValue.vue Test Should render corrrect value, suffix and prefix if passed 1`] = `<a title="" data-toggle=""><span>prefix</span> <span>test value</span> <span>suffix</span></a>`;
