// Jest Snapshot v1, https://goo.gl/fbAQLP

exports[`TextValue.vue Test Should not render correct tooltip if passed and showTooltipOnHover is false 1`] = `<span title="" data-toggle=""><span class="prefix"></span> <span class="value"></span> <span class="suffix"></span></span>`;

exports[`TextValue.vue Test Should render correct tooltip if passed and showTooltipOnHover is true 1`] = `<span title="Some tooltip" data-toggle="tooltip"><span class="prefix"></span> <span class="value"></span> <span class="suffix"></span></span>`;

exports[`TextValue.vue Test Should render corrrect value and empty suffix and preffix 1`] = `<span title="" data-toggle=""><span class="prefix"></span> <span class="value">test value</span> <span class="suffix"></span></span>`;

exports[`TextValue.vue Test Should render corrrect value and prefix if passed and no suffix 1`] = `<span title="" data-toggle=""><span class="prefix">prefix</span> <span class="value">test value</span> <span class="suffix"></span></span>`;

exports[`TextValue.vue Test Should render corrrect value, suffix and prefix if passed 1`] = `<span title="" data-toggle=""><span class="prefix">prefix</span> <span class="value">test value</span> <span class="suffix">suffix</span></span>`;
